Copyright 1986-2022 Xilinx, Inc. All Rights Reserved. Copyright 2022-2023 Advanced Micro Devices, Inc. All Rights Reserved.
---------------------------------------------------------------------------------------------------------------------------------------------
| Tool Version : Vivado v.2023.2 (win64) Build 4029153 Fri Oct 13 20:14:34 MDT 2023
| Date         : Wed Feb 21 15:50:45 2024
| Host         : pisterlabNIH running 64-bit major release  (build 9200)
| Command      : report_control_sets -verbose -file TOP_control_sets_placed.rpt
| Design       : TOP
| Device       : xc7a50t
---------------------------------------------------------------------------------------------------------------------------------------------

Control Set Information

Table of Contents
-----------------
1. Summary
2. Histogram
3. Flip-Flop Distribution
4. Detailed Control Set Information

1. Summary
----------

+----------------------------------------------------------+-------+
|                          Status                          | Count |
+----------------------------------------------------------+-------+
| Total control sets                                       |    46 |
|    Minimum number of control sets                        |    46 |
|    Addition due to synthesis replication                 |     0 |
|    Addition due to physical synthesis replication        |     0 |
| Unused register locations in slices containing registers |   157 |
+----------------------------------------------------------+-------+
* Control sets can be merged at opt_design using control_set_merge or merge_equivalent_drivers
** Run report_qor_suggestions for automated merging and remapping suggestions


2. Histogram
------------

+--------------------+-------+
|       Fanout       | Count |
+--------------------+-------+
| Total control sets |    46 |
| >= 0 to < 4        |     6 |
| >= 4 to < 6        |     7 |
| >= 6 to < 8        |     3 |
| >= 8 to < 10       |     8 |
| >= 10 to < 12      |     3 |
| >= 12 to < 14      |     5 |
| >= 14 to < 16      |     1 |
| >= 16              |    13 |
+--------------------+-------+
* Control sets can be remapped at either synth_design or opt_design


3. Flip-Flop Distribution
-------------------------

+--------------+-----------------------+------------------------+-----------------+--------------+
| Clock Enable | Synchronous Set/Reset | Asynchronous Set/Reset | Total Registers | Total Slices |
+--------------+-----------------------+------------------------+-----------------+--------------+
| No           | No                    | No                     |             230 |           82 |
| No           | No                    | Yes                    |              30 |           10 |
| No           | Yes                   | No                     |              96 |           28 |
| Yes          | No                    | No                     |              78 |           25 |
| Yes          | No                    | Yes                    |             138 |           36 |
| Yes          | Yes                   | No                     |             119 |           33 |
+--------------+-----------------------+------------------------+-----------------+--------------+


4. Detailed Control Set Information
-----------------------------------

+--------------------+------------------------------------------------------------------------------------------------+------------------------------------------------------------------------------------------------------------------------------+------------------+----------------+--------------+
|    Clock Signal    |                                          Enable Signal                                         |                                                       Set/Reset Signal                                                       | Slice Load Count | Bel Load Count | Bels / Slice |
+--------------------+------------------------------------------------------------------------------------------------+------------------------------------------------------------------------------------------------------------------------------+------------------+----------------+--------------+
|  okHI/mmcm0_bufg_0 | okHI/core0/core0/lfc9af733ef9b7e7ec2ccb35c062a12d3[28]                                         | okHI/core0/core0/lfc9af733ef9b7e7ec2ccb35c062a12d3[25]                                                                       |                1 |              1 |         1.00 |
|  okHI/mmcm0_bufg_0 | ep10/ep_datahold[15]_i_1_n_0                                                                   | okHI/core0/core0/lfc9af733ef9b7e7ec2ccb35c062a12d3[25]                                                                       |                1 |              1 |         1.00 |
|  okHI/mmcm0_bufg_0 | okHI/core0/core0/lab8c81cec3709c0416d0acf79f37f087[15]_i_1_n_0                                 |                                                                                                                              |                1 |              1 |         1.00 |
|  okHI/mmcm0_bufg_0 | okHI/core0/core0/a0/pc0/flag_enable                                                            | okHI/core0/core0/a0/pc0/internal_reset                                                                                       |                1 |              2 |         2.00 |
|  okHI/mmcm0_bufg_0 | epA0/ep_read                                                                                   | ep10/ep_dataout[0]                                                                                                           |                1 |              2 |         2.00 |
|  okHI/mmcm0_bufg_0 |                                                                                                | okHI/core0/core0/a0/lc12c7095b9bc056c60880aeb6055afb1                                                                        |                2 |              3 |         1.50 |
|  okHI/mmcm0_bufg_0 |                                                                                                | okHI/core0/core0/lf2d689afa99d0d626f608c2120f93acd[8]_i_1_n_0                                                                |                2 |              4 |         2.00 |
|  okHI/mmcm0_bufg_0 | okHI/core0/core0/a0/l90ce46b343647bab4d280b5afc506219                                          | okHI/core0/core0/a0/lc12c7095b9bc056c60880aeb6055afb1                                                                        |                2 |              4 |         2.00 |
|  okHI/mmcm0_bufg_0 |                                                                                                | okHI/core0/core0/ld307737e57d50d07f937891de086bf8e_i_1_n_0                                                                   |                1 |              4 |         4.00 |
|  okHI/mmcm0_bufg_0 | okHI/core0/core0/a0/p_0_in0                                                                    |                                                                                                                              |                2 |              4 |         2.00 |
|  okHI/mmcm0_bufg_0 | okHI/core0/core0/leeb76b405f165a9b4ab0606f3ea0b3c4[7]_i_1_n_0                                  |                                                                                                                              |                1 |              4 |         4.00 |
|  okHI/mmcm0_bufg_0 | okHI/core0/core0/FSM_sequential_l8ff940a6bfc33211f22a7ff95e39fe60[3]_i_1_n_0                   |                                                                                                                              |                2 |              4 |         2.00 |
|  okHI/mmcm0_bufg_0 | okHI/core0/core0/l885bbeb94996347da66a8546671e4990[19]_i_1_n_0                                 |                                                                                                                              |                1 |              4 |         4.00 |
|  okHI/mmcm0_bufg_0 |                                                                                                | okHI/core0/core0/a0/pc0/internal_reset                                                                                       |                3 |              6 |         2.00 |
|  okHI/mmcm0_bufg_0 | okHI/core0/core0/a0/d0/lfd4ae1d2a2f83cc540ba2af5c1891381                                       | okHI/core0/core0/lab4325c385c0fcaa4cd26acd21308822                                                                           |                2 |              6 |         3.00 |
|  okHI/mmcm0_bufg_0 | okHI/core0/core0/l92ae5a5037b0cc87c9562f3e505d14cf[6]_i_2_n_0                                  | okHI/core0/core0/l92ae5a5037b0cc87c9562f3e505d14cf[6]_i_1_n_0                                                                |                2 |              7 |         3.50 |
|  okHI/mmcm0_bufg_0 | okHI/core0/core0/a0/l37dbd1aafb403530c46407234a8f7286                                          |                                                                                                                              |                2 |              8 |         4.00 |
|  okHI/mmcm0_bufg_0 |                                                                                                | okHI/core0/core0/a0/l770e51175fa898662b06f9e3b71c7bff[7]                                                                     |                3 |              8 |         2.67 |
|  okHI/mmcm0_bufg_0 | okHI/core0/core0/l885bbeb94996347da66a8546671e4990[15]_i_1_n_0                                 |                                                                                                                              |                1 |              8 |         8.00 |
|  okHI/mmcm0_bufg_0 | okHI/core0/core0/lbe59f904be1e8440c2d6333521aaa29a[7]_i_1_n_0                                  |                                                                                                                              |                1 |              8 |         8.00 |
|  okHI/mmcm0_bufg_0 | okHI/core0/core0/l9f43dc9d3787a4c1395542a254aee157[7]_i_1_n_0                                  |                                                                                                                              |                3 |              8 |         2.67 |
|  okHI/mmcm0_bufg_0 | okHI/core0/core0/l885bbeb94996347da66a8546671e4990[7]_i_1_n_0                                  |                                                                                                                              |                1 |              8 |         8.00 |
|  okHI/mmcm0_bufg_0 |                                                                                                | U_FIFO_top/U_FIFO/U0/inst_fifo_gen/gconvfifo.rf/grf.rf/rstblk/SR[0]                                                          |                4 |              9 |         2.25 |
|  CLK/inst/clk_2fs  |                                                                                                | U_FIFO_top/U_FIFO/U0/inst_fifo_gen/gconvfifo.rf/grf.rf/rstblk/ngwrdrst.grst.g7serrst.gsckt_wrst.gic_rst.sckt_wr_rst_ic_reg_0 |                3 |              9 |         3.00 |
|  okHI/mmcm0_bufg_0 | okHI/core0/core0/l84a7b0e1b51dfdd46f041d49e77ce017[23]_i_2_n_0                                 |                                                                                                                              |                6 |             10 |         1.67 |
|  okHI/mmcm0_bufg_0 | okHI/core0/core0/l18905be285ee66e0e6fb566993b0399b                                             | okHI/core0/core0/lab4325c385c0fcaa4cd26acd21308822                                                                           |                5 |             11 |         2.20 |
|  okHI/mmcm0_bufg_0 | okHI/core0/core0/le4c4532ac06490aa5cc2f8d669975cdc[10]_i_1_n_0                                 |                                                                                                                              |                4 |             11 |         2.75 |
|  okHI/mmcm0_bufg_0 | okHI/core0/core0/a0/cb0/U0/inst_fifo_gen/gconvfifo.rf/grf.rf/ram_wr_en                         | okHI/core0/core0/a0/l62a5479e7989ce7f4d5507c695cc69cf                                                                        |                2 |             12 |         6.00 |
|  okHI/mmcm0_bufg_0 | okHI/core0/core0/a0/pc0/WE                                                                     | okHI/core0/core0/a0/pc0/internal_reset                                                                                       |                3 |             12 |         4.00 |
|  okHI/mmcm0_bufg_0 | okHI/core0/core0/a0/cb0/U0/inst_fifo_gen/gconvfifo.rf/grf.rf/ram_rd_en                         | okHI/core0/core0/a0/l62a5479e7989ce7f4d5507c695cc69cf                                                                        |                3 |             12 |         4.00 |
|  okHI/mmcm0_bufg_0 | U_FIFO_top/U_FIFO/U0/inst_fifo_gen/gconvfifo.rf/grf.rf/gntv_or_sync_fifo.gl0.rd/gras.rsts/E[0] | U_FIFO_top/U_FIFO/U0/inst_fifo_gen/gconvfifo.rf/grf.rf/rstblk/SR[0]                                                          |                2 |             12 |         6.00 |
|  okHI/mmcm0_bufg_0 |                                                                                                | okHI/core0/core0/lab4325c385c0fcaa4cd26acd21308822                                                                           |                4 |             13 |         3.25 |
|  okHI/mmcm0_bufg_0 | okHI/core0/core0/l84a7b0e1b51dfdd46f041d49e77ce017[23]_i_2_n_0                                 | okHI/core0/core0/l84a7b0e1b51dfdd46f041d49e77ce017[23]_i_1_n_0                                                               |                5 |             14 |         2.80 |
|  okHI/mmcm0_bufg_0 | okHI/core0/core0/a0/pc0/spm_enable                                                             |                                                                                                                              |                4 |             16 |         4.00 |
|  okHI/mmcm0_bufg_0 | okHI/core0/core0/a0/pc0/register_enable                                                        |                                                                                                                              |                2 |             16 |         8.00 |
|  okHI/mmcm0_bufg_0 | okHI/core0/core0/a0/pc0/WE                                                                     |                                                                                                                              |                2 |             16 |         8.00 |
|  okHI/mmcm0_bufg_0 | ep60/trighold[15]_i_1_n_0                                                                      | okHI/core0/core0/lfc9af733ef9b7e7ec2ccb35c062a12d3[25]                                                                       |                6 |             16 |         2.67 |
|  okHI/mmcm0_bufg_0 | okHI/core0/core0/FSM_onehot_l6d7b501652de6ba8ba55082874707b2a[16]_i_1_n_0                      | okHI/core0/core0/lab4325c385c0fcaa4cd26acd21308822                                                                           |                5 |             17 |         3.40 |
|  CLK/inst/clk_2fs  | U_FIFO_top/U_FIFO/U0/inst_fifo_gen/gconvfifo.rf/grf.rf/gntv_or_sync_fifo.gl0.wr/gwas.wsts/E[0] | U_FIFO_top/U_FIFO/U0/inst_fifo_gen/gconvfifo.rf/grf.rf/rstblk/ngwrdrst.grst.g7serrst.gsckt_wrst.gic_rst.sckt_wr_rst_ic_reg_0 |                3 |             18 |         6.00 |
|  okHI/mmcm0_bufg_0 |                                                                                                | okHI/core0/core0/lfc9af733ef9b7e7ec2ccb35c062a12d3[25]                                                                       |                6 |             19 |         3.17 |
|  okHI/mmcm0_bufg_0 | okHI/core0/core0/l4f8cd1ab062f5571ff66db47e3d281bf[19]_i_1_n_0                                 | okHI/core0/core0/a0/lc12c7095b9bc056c60880aeb6055afb1                                                                        |                4 |             21 |         5.25 |
|  okHI/mmcm0_bufg_0 | okHI/core0/core0/a0/le7badcf1256ff8aabbffe7a6a1b38b5f_reg_inv_n_0                              | okHI/core0/core0/a0/lc12c7095b9bc056c60880aeb6055afb1                                                                        |                8 |             32 |         4.00 |
|  CLK/inst/clk_2fs  |                                                                                                |                                                                                                                              |               12 |             49 |         4.08 |
|  CLK/inst/clk_2fs  |                                                                                                | U_FIFO_top/U_DUT_to_FIFO_fsm/SR[0]                                                                                           |               10 |             51 |         5.10 |
|  okHI/mmcm0_bufg_0 | okHI/core0/core0/le5e2e6110dd7478b8ed0143f21b04d30[56]_i_1_n_0                                 | okHI/core0/core0/lab4325c385c0fcaa4cd26acd21308822                                                                           |               13 |             57 |         4.38 |
|  okHI/mmcm0_bufg_0 |                                                                                                |                                                                                                                              |               70 |            184 |         2.63 |
+--------------------+------------------------------------------------------------------------------------------------+------------------------------------------------------------------------------------------------------------------------------+------------------+----------------+--------------+


